// Jest Snapshot v1, https://goo.gl/fbAQLP

exports[`RegisterCarForm component renders a component 1`] = `<div />`;
