// Jest Snapshot v1, https://goo.gl/fbAQLP

exports[`CarDetail component renders a CarDetail component 1`] = `<div />`;
